// Jest Snapshot v1, https://goo.gl/fbAQLP

exports[`AddCategory should be show component 1`] = `
<form
  onSubmit={[Function]}
>
  <label>
    <input
      onChange={[Function]}
      type="text"
      value=""
    />
  </label>
</form>
`;
